[2026-07-30 18:38:39 UTC] === Instagram Story Poster started ===
[2026-07-30 18:38:39 UTC] Next image: 1.png
[2026-07-30 18:38:44 UTC]   status: IN_PROGRESS
[2026-07-30 18:38:50 UTC]   status: FINISHED
[2026-07-30 18:38:52 UTC] Success! Posted 1.png (media_id=17950613091210416)
[2026-07-30 18:38:52 UTC] === Instagram Story Poster started ===
[2026-07-30 18:38:52 UTC] All images posted. Resetting cycle.
[2026-07-30 18:38:52 UTC] No images found.
[2026-07-31 08:12:11 UTC] === Instagram Story Poster started ===
[2026-07-31 08:12:11 UTC] Next image: 10.png
[2026-07-31 08:12:17 UTC]   status: IN_PROGRESS
[2026-07-31 08:12:23 UTC]   status: FINISHED
[2026-07-31 08:12:25 UTC] Success! Posted 10.png (media_id=18106940323850142)
[2026-07-31 08:12:25 UTC] === Instagram Story Poster started ===
[2026-07-31 08:12:25 UTC] All images posted. Resetting cycle.
[2026-07-31 08:12:25 UTC] No images found.
[2026-07-31 09:12:56 UTC] === Instagram Story Poster started ===
[2026-07-31 09:12:56 UTC] Next image: 11.png
[2026-07-31 09:13:01 UTC]   status: IN_PROGRESS
[2026-07-31 09:13:07 UTC]   status: FINISHED
[2026-07-31 09:13:10 UTC] Success! Posted 11.png (media_id=18110810098996081)
[2026-07-31 09:13:10 UTC] === Instagram Story Poster started ===
[2026-07-31 09:13:10 UTC] All images posted. Resetting cycle.
[2026-07-31 09:13:10 UTC] No images found.
